// Jest Snapshot v1, https://goo.gl/fbAQLP

exports[`renders About correctly 1`] = `
<div
  className="container section page-content"
>
  <div
    className="card z-depth-0"
  >
    <div
      className="card-content"
    >
      <span
        className="card-title"
      >
        Welcome to About Page
      </span>
      <p>
        Lorem Ipsum is simply dummy text of the printing and typesetting industry. Lorem Ipsum has been the industry's standard dummy text ever since the 1500s, when an unknown printer took a galleyLorem Ipsum is simply dummy text of the printing. Lorem Ipsum is simply dummy text of the printing and typesetting industry. Lorem Ipsum has been the industry's standard dummy text ever since the 1500s, when an unknown printer took a galleyLorem Ipsum is simply dummy text of the printing.
      </p>
      <p>
        Lorem Ipsum is simply dummy text of the printing and typesetting industry. Lorem Ipsum has been the industry's standard dummy text ever since the 1500s, when an unknown printer took a galleyLorem Ipsum is simply dummy text of the printing. Lorem Ipsum is simply dummy text of the printing and typesetting industry. Lorem Ipsum has been the industry's standard.
      </p>
      <p>
        Lorem Ipsum is simply dummy text of the printing and typesetting industry. Lorem Ipsum has been the industry's standard dummy text ever since the 1500s, when an unknown printer took a galleyLorem Ipsum is simply dummy text of the printing. Lorem Ipsum is simply dummy text of the printing and typesetting industry
      </p>
      <p>
        Lorem Ipsum is simply dummy text of the printing and typesetting industry. Lorem Ipsum has been the industry's standard dummy text ever since the .
      </p>
      <p>
        Lorem Ipsum is simply dummy text of the printing and typesetting industry. Lorem Ipsum has been the industry's standard dummy text ever since the 1500s, when an unknown printer took a galleyLorem Ipsum is simply dummy text of the printing. Lorem Ipsum is simply dummy text of the printing and typesetting industry. Lorem Ipsum has been the industry's standard dummy text ever since the 1500s, when an unknown printer took a galleyLorem Ipsum is simply dummy text of the printing.
      </p>
    </div>
  </div>
</div>
`;
